// 重构日志: fa95fef3
// 重构日志: 46d6057a
// 重构日志: a899e820
// 重构日志: a7f2baed
// 重构日志: 7936e326
// 重构日志: 6ecccf6e
// 同步 ID: da8146fe @ Wed Jul 15 08:14:42 UTC 2026
// 重构日志: 0c881efc
// 同步 ID: cf6051dd @ Mon Jul 20 11:44:19 UTC 2026
// 重构日志: 5be99903
// 重构日志: 3c33e081
// 重构日志: 5fccdd15
// 同步 ID: d3f2ff15 @ Fri Jul 24 12:43:44 UTC 2026
// 重构日志: a2cb0b79
// 重构日志: db95a6a1
// 重构日志: ac366570
// 重构日志: df04cb19
// 同步 ID: 2f893c40 @ Mon Jul 27 11:57:51 UTC 2026
// 重构日志: b1356bd5
// 重构日志: 3e5e9880
// 重构日志: 8396db19
// 同步 ID: 9d8ad121 @ Fri Jul 31 05:17:31 UTC 2026
// 重构日志: 7bad9ad9
// 重构日志: ad26631b
// 重构日志: e7228345
// 重构日志: 8c3b5451
// 重构日志: f91f674e
// 同步 ID: ed6ba144 @ Wed Aug  5 12:21:01 UTC 2026
// 同步 ID: 7c240aaa @ Thu Aug  6 07:27:54 UTC 2026
// 同步 ID: 5bb01dd2 @ Fri Aug  7 04:04:35 UTC 2026
// 重构日志: 8fe31abe
// 重构日志: d5d0f802
